// Jest Snapshot v1, https://goo.gl/fbAQLP

exports[`NotFound should render the NotFound correctly 1`] = `
<h1
  className="notfound-container"
>
  Page Not Found
</h1>
`;
