// Jest Snapshot v1, https://goo.gl/fbAQLP

exports[`Routes should render Routes without crashing 1`] = `undefined`;
