// Jest Snapshot v1, https://goo.gl/fbAQLP

exports[`App should render App without crashing 1`] = `
<App>
  <div
    className="App"
  >
    <Memo(Routes)>
      <BrowserRouter>
        <Router
          history={
            Object {
              "action": "POP",
              "block": [Function],
              "createHref": [Function],
              "go": [Function],
              "goBack": [Function],
              "goForward": [Function],
              "length": 1,
              "listen": [Function],
              "location": Object {
                "hash": "",
                "pathname": "/",
                "search": "",
                "state": undefined,
              },
              "push": [Function],
              "replace": [Function],
            }
          }
        >
          <Switch>
            <Route
              computedMatch={
                Object {
                  "isExact": true,
                  "params": Object {},
                  "path": "/",
                  "url": "/",
                }
              }
              exact={true}
              location={
                Object {
                  "hash": "",
                  "pathname": "/",
                  "search": "",
                  "state": undefined,
                }
              }
              path="/"
            >
              <Memo(Landing)>
                <div
                  className="landing-container"
                >
                  <div
                    className="introduction-wrapper"
                  >
                    <h1>
                      Hello, welcome to Vietnam!
                    </h1>
                    <div
                      className="introduction-text"
                    >
                      <p>
                        Vietnam is a country divided into 58 provinces
                      </p>
                      <p>
                        There are many heavenly breathtaking landscapes to explore
                      </p>
                    </div>
                    <button
                      className="landing-button"
                      onClick={[Function]}
                    >
                      Fly me to the 
                      <strong>
                         Moon 
                      </strong>
                    </button>
                  </div>
                </div>
              </Memo(Landing)>
            </Route>
          </Switch>
        </Router>
      </BrowserRouter>
    </Memo(Routes)>
  </div>
</App>
`;
